Archive member included to satisfy reference by file (symbol)

D:/STM32CubeIDE_1.17.0/STM32CubeIDE/plugins/com.st.stm32cube.ide.mcu.externaltools.gnu-tools-for-stm32.12.3.rel1.win32_1.1.0.202410251130/tools/bin/../lib/gcc/arm-none-eabi/12.3.1/../../../../arm-none-eabi/lib/thumb/v7e-m+fp/hard\libc_nano.a(libc_a-exit.o)
                              D:/STM32CubeIDE_1.17.0/STM32CubeIDE/plugins/com.st.stm32cube.ide.mcu.externaltools.gnu-tools-for-stm32.12.3.rel1.win32_1.1.0.202410251130/tools/bin/../lib/gcc/arm-none-eabi/12.3.1/../../../../arm-none-eabi/lib/thumb/v7e-m+fp/hard/crt0.o (exit)
D:/STM32CubeIDE_1.17.0/STM32CubeIDE/plugins/com.st.stm32cube.ide.mcu.externaltools.gnu-tools-for-stm32.12.3.rel1.win32_1.1.0.202410251130/tools/bin/../lib/gcc/arm-none-eabi/12.3.1/../../../../arm-none-eabi/lib/thumb/v7e-m+fp/hard\libc_nano.a(libc_a-findfp.o)
                              D:/STM32CubeIDE_1.17.0/STM32CubeIDE/plugins/com.st.stm32cube.ide.mcu.externaltools.gnu-tools-for-stm32.12.3.rel1.win32_1.1.0.202410251130/tools/bin/../lib/gcc/arm-none-eabi/12.3.1/../../../../arm-none-eabi/lib/thumb/v7e-m+fp/hard\libc_nano.a(libc_a-exit.o) (__stdio_exit_handler)
D:/STM32CubeIDE_1.17.0/STM32CubeIDE/plugins/com.st.stm32cube.ide.mcu.externaltools.gnu-tools-for-stm32.12.3.rel1.win32_1.1.0.202410251130/tools/bin/../lib/gcc/arm-none-eabi/12.3.1/../../../../arm-none-eabi/lib/thumb/v7e-m+fp/hard\libc_nano.a(libc_a-fwalk.o)
                              D:/STM32CubeIDE_1.17.0/STM32CubeIDE/plugins/com.st.stm32cube.ide.mcu.externaltools.gnu-tools-for-stm32.12.3.rel1.win32_1.1.0.202410251130/tools/bin/../lib/gcc/arm-none-eabi/12.3.1/../../../../arm-none-eabi/lib/thumb/v7e-m+fp/hard\libc_nano.a(libc_a-findfp.o) (_fwalk_sglue)
D:/STM32CubeIDE_1.17.0/STM32CubeIDE/plugins/com.st.stm32cube.ide.mcu.externaltools.gnu-tools-for-stm32.12.3.rel1.win32_1.1.0.202410251130/tools/bin/../lib/gcc/arm-none-eabi/12.3.1/../../../../arm-none-eabi/lib/thumb/v7e-m+fp/hard\libc_nano.a(libc_a-stdio.o)
                              D:/STM32CubeIDE_1.17.0/STM32CubeIDE/plugins/com.st.stm32cube.ide.mcu.externaltools.gnu-tools-for-stm32.12.3.rel1.win32_1.1.0.202410251130/tools/bin/../lib/gcc/arm-none-eabi/12.3.1/../../../../arm-none-eabi/lib/thumb/v7e-m+fp/hard\libc_nano.a(libc_a-findfp.o) (__sread)
D:/STM32CubeIDE_1.17.0/STM32CubeIDE/plugins/com.st.stm32cube.ide.mcu.externaltools.gnu-tools-for-stm32.12.3.rel1.win32_1.1.0.202410251130/tools/bin/../lib/gcc/arm-none-eabi/12.3.1/../../../../arm-none-eabi/lib/thumb/v7e-m+fp/hard\libc_nano.a(libc_a-memset.o)
                              D:/STM32CubeIDE_1.17.0/STM32CubeIDE/plugins/com.st.stm32cube.ide.mcu.externaltools.gnu-tools-for-stm32.12.3.rel1.win32_1.1.0.202410251130/tools/bin/../lib/gcc/arm-none-eabi/12.3.1/../../../../arm-none-eabi/lib/thumb/v7e-m+fp/hard/crt0.o (memset)
D:/STM32CubeIDE_1.17.0/STM32CubeIDE/plugins/com.st.stm32cube.ide.mcu.externaltools.gnu-tools-for-stm32.12.3.rel1.win32_1.1.0.202410251130/tools/bin/../lib/gcc/arm-none-eabi/12.3.1/../../../../arm-none-eabi/lib/thumb/v7e-m+fp/hard\libc_nano.a(libc_a-closer.o)
                              D:/STM32CubeIDE_1.17.0/STM32CubeIDE/plugins/com.st.stm32cube.ide.mcu.externaltools.gnu-tools-for-stm32.12.3.rel1.win32_1.1.0.202410251130/tools/bin/../lib/gcc/arm-none-eabi/12.3.1/../../../../arm-none-eabi/lib/thumb/v7e-m+fp/hard\libc_nano.a(libc_a-stdio.o) (_close_r)
D:/STM32CubeIDE_1.17.0/STM32CubeIDE/plugins/com.st.stm32cube.ide.mcu.externaltools.gnu-tools-for-stm32.12.3.rel1.win32_1.1.0.202410251130/tools/bin/../lib/gcc/arm-none-eabi/12.3.1/../../../../arm-none-eabi/lib/thumb/v7e-m+fp/hard\libc_nano.a(libc_a-reent.o)
                              D:/STM32CubeIDE_1.17.0/STM32CubeIDE/plugins/com.st.stm32cube.ide.mcu.externaltools.gnu-tools-for-stm32.12.3.rel1.win32_1.1.0.202410251130/tools/bin/../lib/gcc/arm-none-eabi/12.3.1/../../../../arm-none-eabi/lib/thumb/v7e-m+fp/hard\libc_nano.a(libc_a-closer.o) (errno)
D:/STM32CubeIDE_1.17.0/STM32CubeIDE/plugins/com.st.stm32cube.ide.mcu.externaltools.gnu-tools-for-stm32.12.3.rel1.win32_1.1.0.202410251130/tools/bin/../lib/gcc/arm-none-eabi/12.3.1/../../../../arm-none-eabi/lib/thumb/v7e-m+fp/hard\libc_nano.a(libc_a-impure.o)
                              D:/STM32CubeIDE_1.17.0/STM32CubeIDE/plugins/com.st.stm32cube.ide.mcu.externaltools.gnu-tools-for-stm32.12.3.rel1.win32_1.1.0.202410251130/tools/bin/../lib/gcc/arm-none-eabi/12.3.1/../../../../arm-none-eabi/lib/thumb/v7e-m+fp/hard\libc_nano.a(libc_a-reent.o) (_impure_ptr)
D:/STM32CubeIDE_1.17.0/STM32CubeIDE/plugins/com.st.stm32cube.ide.mcu.externaltools.gnu-tools-for-stm32.12.3.rel1.win32_1.1.0.202410251130/tools/bin/../lib/gcc/arm-none-eabi/12.3.1/../../../../arm-none-eabi/lib/thumb/v7e-m+fp/hard\libc_nano.a(libc_a-lseekr.o)
[...]
Memory Configuration

Name             Origin             Length             Attributes
CCMRAM           0x10000000         0x00010000         xrw
RAM              0x20000000         0x00030000         xrw
FLASH            0x08000000         0x00200000         xr
*default*        0x00000000         0xffffffff

Linker script and memory map

LOAD D:/STM32CubeIDE_1.17.0/STM32CubeIDE/plugins/com.st.stm32cube.ide.mcu.externaltools.gnu-tools-for-stm32.12.3.rel1.win32_1.1.0.202410251130/tools/bin/../lib/gcc/arm-none-eabi/12.3.1/thumb/v7e-m+fp/hard/crti.o
LOAD D:/STM32CubeIDE_1.17.0/STM32CubeIDE/plugins/com.st.stm32cube.ide.mcu.externaltools.gnu-tools-for-stm32.12.3.rel1.win32_1.1.0.202410251130/tools/bin/../lib/gcc/arm-none-eabi/12.3.1/thumb/v7e-m+fp/hard/crtbegin.o
LOAD D:/STM32CubeIDE_1.17.0/STM32CubeIDE/plugins/com.st.stm32cube.ide.mcu.externaltools.gnu-tools-for-stm32.12.3.rel1.win32_1.1.0.202410251130/tools/bin/../lib/gcc/arm-none-eabi/12.3.1/../../../../arm-none-eabi/lib/thumb/v7e-m+fp/hard/crt0.o
LOAD ./Core/Src/7seg.o
LOAD ./Core/Src/main.o
LOAD ./Core/Src/stm32f4xx_hal_msp.o
LOAD ./Core/Src/stm32f4xx_it.o
LOAD ./Core/Src/syscalls.o
LOAD ./Core/Src/sysmem.o
LOAD ./Core/Src/system_stm32f4xx.o
LOAD ./Core/Startup/startup_stm32f429zitx.o
LOAD ./Drivers/STM32F4xx_HAL_Driver/Src/stm32f4xx_hal.o
LOAD ./Drivers/STM32F4xx_HAL_Driver/Src/stm32f4xx_hal_cortex.o
LOAD ./Drivers/STM32F4xx_HAL_Driver/Src/stm32f4xx_hal_dma.o
LOAD ./Drivers/STM32F4xx_HAL_Driver/Src/stm32f4xx_hal_dma_ex.o
LOAD ./Drivers/STM32F4xx_HAL_Driver/Src/stm32f4xx_hal_exti.o
LOAD ./Drivers/STM32F4xx_HAL_Driver/Src/stm32f4xx_hal_flash.o
LOAD ./Drivers/STM32F4xx_HAL_Driver/Src/stm32f4xx_hal_flash_ex.o
LOAD ./Drivers/STM32F4xx_HAL_Driver/Src/stm32f4xx_hal_flash_ramfunc.o
LOAD ./Drivers/STM32F4xx_HAL_Driver/Src/stm32f4xx_hal_gpio.o
LOAD ./Drivers/STM32F4xx_HAL_Driver/Src/stm32f4xx_hal_pwr.o
LOAD ./Drivers/STM32F4xx_HAL_Driver/Src/stm32f4xx_hal_pwr_ex.o
LOAD ./Drivers/STM32F4xx_HAL_Driver/Src/stm32f4xx_hal_rcc.o
LOAD ./Drivers/STM32F4xx_HAL_Driver/Src/stm32f4xx_hal_rcc_ex.o
LOAD ./Drivers/STM32F4xx_HAL_Driver/Src/stm32f4xx_hal_tim.o
LOAD ./Drivers/STM32F4xx_HAL_Driver/Src/stm32f4xx_hal_tim_ex.o
START GROUP
LOAD D:/STM32CubeIDE_1.17.0/STM32CubeIDE/plugins/com.st.stm32cube.ide.mcu.externaltools.gnu-tools-for-stm32.12.3.rel1.win32_1.1.0.202410251130/tools/bin/../lib/gcc/arm-none-eabi/12.3.1/../../../../arm-none-eabi/lib/thumb/v7e-m+fp/hard\libc_nano.a
LOAD D:/STM32CubeIDE_1.17.0/STM32CubeIDE/plugins/com.st.stm32cube.ide.mcu.externaltools.gnu-tools-for-stm32.12.3.rel1.win32_1.1.0.202410251130/tools/bin/../lib/gcc/arm-none-eabi/12.3.1/../../../../arm-none-eabi/lib/thumb/v7e-m+fp/hard\libm.a
END GROUP
START GROUP
LOAD D:/STM32CubeIDE_1.17.0/STM32CubeIDE/plugins/com.st.stm32cube.ide.mcu.externaltools.gnu-tools-for-stm32.12.3.rel1.win32_1.1.0.202410251130/tools/bin/../lib/gcc/arm-none-eabi/12.3.1/thumb/v7e-m+fp/hard\libgcc.a
LOAD D:/STM32CubeIDE_1.17.0/STM32CubeIDE/plugins/com.st.stm32cube.ide.mcu.externaltools.gnu-tools-for-stm32.12.3.rel1.win32_1.1.0.202410251130/tools/bin/../lib/gcc/arm-none-eabi/12.3.1/../../../../arm-none-eabi/lib/thumb/v7e-m+fp/hard\libc_nano.a
END GROUP
START GROUP
LOAD D:/STM32CubeIDE_1.17.0/STM32CubeIDE/plugins/com.st.stm32cube.ide.mcu.externaltools.gnu-tools-for-stm32.12.3.rel1.win32_1.1.0.202410251130/tools/bin/../lib/gcc/arm-none-eabi/12.3.1/thumb/v7e-m+fp/hard\libgcc.a
LOAD D:/STM32CubeIDE_1.17.0/STM32CubeIDE/plugins/com.st.stm32cube.ide.mcu.externaltools.gnu-tools-for-stm32.12.3.rel1.win32_1.1.0.202410251130/tools/bin/../lib/gcc/arm-none-eabi/12.3.1/../../../../arm-none-eabi/lib/thumb/v7e-m+fp/hard\libc_nano.a
LOAD D:/STM32CubeIDE_1.17.0/STM32CubeIDE/plugins/com.st.stm32cube.ide.mcu.externaltools.gnu-tools-for-stm32.12.3.rel1.win32_1.1.0.202410251130/tools/bin/../lib/gcc/arm-none-eabi/12.3.1/../../../../arm-none-eabi/lib/thumb/v7e-m+fp/hard\libnosys.a
END GROUP
START GROUP
LOAD D:/STM32CubeIDE_1.17.0/STM32CubeIDE/plugins/com.st.stm32cube.ide.mcu.externaltools.gnu-tools-for-stm32.12.3.rel1.win32_1.1.0.202410251130/tools/bin/../lib/gcc/arm-none-eabi/12.3.1/thumb/v7e-m+fp/hard\libgcc.a
LOAD D:/STM32CubeIDE_1.17.0/STM32CubeIDE/plugins/com.st.stm32cube.ide.mcu.externaltools.gnu-tools-for-stm32.12.3.rel1.win32_1.1.0.202410251130/tools/bin/../lib/gcc/arm-none-eabi/12.3.1/../../../../arm-none-eabi/lib/thumb/v7e-m+fp/hard\libc_nano.a
LOAD D:/STM32CubeIDE_1.17.0/STM32CubeIDE/plugins/com.st.stm32cube.ide.mcu.externaltools.gnu-tools-for-stm32.12.3.rel1.win32_1.1.0.202410251130/tools/bin/../lib/gcc/arm-none-eabi/12.3.1/../../../../arm-none-eabi/lib/thumb/v7e-m+fp/hard\libnosys.a
END GROUP
LOAD D:/STM32CubeIDE_1.17.0/STM32CubeIDE/plugins/com.st.stm32cube.ide.mcu.externaltools.gnu-tools-for-stm32.12.3.rel1.win32_1.1.0.202410251130/tools/bin/../lib/gcc/arm-none-eabi/12.3.1/thumb/v7e-m+fp/hard/crtend.o
LOAD D:/STM32CubeIDE_1.17.0/STM32CubeIDE/plugins/com.st.stm32cube.ide.mcu.externaltools.gnu-tools-for-stm32.12.3.rel1.win32_1.1.0.202410251130/tools/bin/../lib/gcc/arm-none-eabi/12.3.1/thumb/v7e-m+fp/hard/crtn.o
                0x20030000                        _estack = (ORIGIN (RAM) + LENGTH (RAM))
                0x00000200                        _Min_Heap_Size = 0x200
                0x00000400                        _Min_Stack_Size = 0x400

.isr_vector     0x08000000      0x1ac
                0x08000000                        . = ALIGN (0x4)
 *(.isr_vector)
 .isr_vector    0x08000000      0x1ac ./Core/Startup/startup_stm32f429zitx.o
                0x08000000                g_pfnVectors
                0x080001ac                        . = ALIGN (0x4)

.text           0x080001ac     0x23c0
                0x080001ac                        . = ALIGN (0x4)
 *(.text)
 .text          0x080001ac       0x40 D:/STM32CubeIDE_1.17.0/STM32CubeIDE/plugins/com.st.stm32cube.ide.mcu.externaltools.gnu-tools-for-stm32.12.3.rel1.win32_1.1.0.202410251130/tools/bin/../lib/gcc/arm-none-eabi/12.3.1/thumb/v7e-m+fp/hard/crtbegin.o
 .text          0x080001ec       0x30 D:/STM32CubeIDE_1.17.0/STM32CubeIDE/plugins/com.st.stm32cube.ide.mcu.externaltools.gnu-tools-for-stm32.12.3.rel1.win32_1.1.0.202410251130/tools/bin/../lib/gcc/arm-none-eabi/12.3.1/thumb/v7e-m+fp/hard\libgcc.a(_aeabi_uldivmod.o)
                0x080001ec                __aeabi_uldivmod
 .text          0x0800021c      0x2bc D:/STM32CubeIDE_1.17.0/STM32CubeIDE/plugins/com.st.stm32cube.ide.mcu.externaltools.gnu-tools-for-stm32.12.3.rel1.win32_1.1.0.202410251130/tools/bin/../lib/gcc/arm-none-eabi/12.3.1/thumb/v7e-m+fp/hard\libgcc.a(_udivmoddi4.o)
                0x0800021c                __udivmoddi4
 .text          0x080004d8        0x4 D:/STM32CubeIDE_1.17.0/STM32CubeIDE/plugins/com.st.stm32cube.ide.mcu.externaltools.gnu-tools-for-stm32.12.3.rel1.win32_1.1.0.202410251130/tools/bin/../lib/gcc/arm-none-eabi/12.3.1/thumb/v7e-m+fp/hard\libgcc.a(_dvmd_tls.o)
                0x080004d8                __aeabi_idiv0
                0x080004d8                __aeabi_ldiv0
 *(.text*)
 .text.Set7SegDisplayValue
                0x080004dc       0x28 ./Core/Src/7seg.o
                0x080004dc                Set7SegDisplayValue
 .text.Run7SegDisplay
                0x08000504      0x1e0 ./Core/Src/7seg.o
                0x08000504                Run7SegDisplay
 .text.DisplayLEDs
                0x080006e4      0x20c ./Core/Src/main.o
                0x080006e4                DisplayLEDs
 .text.HAL_GPIO_EXTI_Callback
                0x080008f0       0x40 ./Core/Src/main.o
                0x080008f0                HAL_GPIO_EXTI_Callback
 .text.main     0x08000930       0x48 ./Core/Src/main.o
                0x08000930                main
 .text.SystemClock_Config
                0x08000978       0xe0 ./Core/Src/main.o
                0x08000978                SystemClock_Config
 .text.MX_TIM6_Init
                0x08000a58       0x68 ./Core/Src/main.o
 .text.MX_GPIO_Init
                0x08000ac0      0x168 ./Core/Src/main.o
 .text.Error_Handler
                0x08000c28        0xc ./Core/Src/main.o
                0x08000c28                Error_Handler
 .text.HAL_MspInit
                0x08000c34       0x50 ./Core/Src/stm32f4xx_hal_msp.o
                0x08000c34                HAL_MspInit
 .text.HAL_TIM_Base_MspInit
                0x08000c84       0x50 ./Core/Src/stm32f4xx_hal_msp.o
                0x08000c84                HAL_TIM_Base_MspInit
 .text.NMI_Handler
                0x08000cd4        0x8 ./Core/Src/stm32f4xx_it.o
                0x08000cd4                NMI_Handler
 .text.HardFault_Handler
                0x08000cdc        0x8 ./Core/Src/stm32f4xx_it.o
                0x08000cdc                HardFault_Handler
 .text.MemManage_Handler
                0x08000ce4        0x8 ./Core/Src/stm32f4xx_it.o
                0x08000ce4                MemManage_Handler
 .text.BusFault_Handler
                0x08000cec        0x8 ./Core/Src/stm32f4xx_it.o
                0x08000cec                BusFault_Handler
 .text.UsageFault_Handler
                0x08000cf4        0x8 ./Core/Src/stm32f4xx_it.o
                0x08000cf4                UsageFault_Handler
 .text.SVC_Handler
                0x08000cfc        0xe ./Core/Src/stm32f4xx_it.o
                0x08000cfc                SVC_Handler
 .text.DebugMon_Handler
                0x08000d0a        0xe ./Core/Src/stm32f4xx_it.o
                0x08000d0a                DebugMon_Handler
 .text.PendSV_Handler
                0x08000d18        0xe ./Core/Src/stm32f4xx_it.o
                0x08000d18                PendSV_Handler
 .text.SysTick_Handler
                0x08000d26        0xc ./Core/Src/stm32f4xx_it.o
                0x08000d26                SysTick_Handler
 *fill*         0x08000d32        0x2 
 .text.EXTI0_IRQHandler
                0x08000d34       0x34 ./Core/Src/stm32f4xx_it.o
                0x08000d34                EXTI0_IRQHandler
 .text.TIM6_DAC_IRQHandler
                0x08000d68       0x38 ./Core/Src/stm32f4xx_it.o
                0x08000d68                TIM6_DAC_IRQHandler
 .text.SystemInit
                0x08000da0       0x24 ./Core/Src/system_stm32f4xx.o
                0x08000da0                SystemInit
 .text.Reset_Handler
                0x08000dc4       0x50 ./Core/Startup/startup_stm32f429zitx.o
                0x08000dc4                Reset_Handler
 .text.Default_Handler
                0x08000e14        0x2 ./Core/Startup/startup_stm32f429zitx.o
                0x08000e14                RTC_Alarm_IRQHandler
                0x08000e14                HASH_RNG_IRQHandler
                0x08000e14                EXTI2_IRQHandler
                0x08000e14                TIM8_CC_IRQHandler
                0x08000e14                UART8_IRQHandler
                0x08000e14                SPI4_IRQHandler
                0x08000e14                TIM1_CC_IRQHandler
                0x08000e14                DMA2_Stream5_IRQHandler
                0x08000e14                DMA1_Stream5_IRQHandler
                0x08000e14                PVD_IRQHandler
                0x08000e14                SDIO_IRQHandler
                0x08000e14                TAMP_STAMP_IRQHandler
                0x08000e14                CAN2_RX1_IRQHandler
                0x08000e14                EXTI3_IRQHandler
                0x08000e14                TIM8_TRG_COM_TIM14_IRQHandler
                0x08000e14                TIM1_UP_TIM10_IRQHandler
                0x08000e14                TIM8_UP_TIM13_IRQHandler
                0x08000e14                I2C3_ER_IRQHandler
                0x08000e14                I2C2_EV_IRQHandler
                0x08000e14                DMA1_Stream2_IRQHandler
                0x08000e14                CAN1_RX0_IRQHandler
                0x08000e14                FPU_IRQHandler
                0x08000e14                OTG_HS_WKUP_IRQHandler
                0x08000e14                LTDC_ER_IRQHandler
                0x08000e14                CAN2_SCE_IRQHandler
                0x08000e14                DMA2_Stream2_IRQHandler
                0x08000e14                SPI1_IRQHandler
                0x08000e14                TIM1_BRK_TIM9_IRQHandler
                0x08000e14                DCMI_IRQHandler
                0x08000e14                CAN2_RX0_IRQHandler
                0x08000e14                DMA2_Stream3_IRQHandler
                0x08000e14                USART6_IRQHandler
                0x08000e14                USART3_IRQHandler
                0x08000e14                CAN1_RX1_IRQHandler
                0x08000e14                UART5_IRQHandler
                0x08000e14                DMA2_Stream0_IRQHandler
                0x08000e14                TIM4_IRQHandler
                0x08000e14                I2C1_EV_IRQHandler
                0x08000e14                DMA1_Stream6_IRQHandler
                0x08000e14                DMA1_Stream1_IRQHandler
                0x08000e14                UART4_IRQHandler
                0x08000e14                TIM3_IRQHandler
                0x08000e14                RCC_IRQHandler
                0x08000e14                TIM8_BRK_TIM12_IRQHandler
                0x08000e14                Default_Handler
                0x08000e14                EXTI15_10_IRQHandler
                0x08000e14                ADC_IRQHandler
                0x08000e14                DMA1_Stream7_IRQHandler
                0x08000e14                SPI5_IRQHandler
                0x08000e14                TIM7_IRQHandler
                0x08000e14                CAN2_TX_IRQHandler
                0x08000e14                TIM5_IRQHandler
                0x08000e14                DMA2_Stream7_IRQHandler
                0x08000e14                I2C3_EV_IRQHandler
                0x08000e14                EXTI9_5_IRQHandler
                0x08000e14                RTC_WKUP_IRQHandler
                0x08000e14                LTDC_IRQHandler
                0x08000e14                ETH_WKUP_IRQHandler
                0x08000e14                SPI2_IRQHandler
                0x08000e14                OTG_HS_EP1_IN_IRQHandler
                0x08000e14                DMA1_Stream0_IRQHandler
                0x08000e14                CAN1_TX_IRQHandler
                0x08000e14                EXTI4_IRQHandler
                0x08000e14                ETH_IRQHandler
                0x08000e14                OTG_HS_EP1_OUT_IRQHandler
                0x08000e14                WWDG_IRQHandler
                0x08000e14                SPI6_IRQHandler
                0x08000e14                TIM2_IRQHandler
                0x08000e14                OTG_FS_WKUP_IRQHandler
                0x08000e14                TIM1_TRG_COM_TIM11_IRQHandler
                0x08000e14                OTG_HS_IRQHandler
                0x08000e14                DMA2D_IRQHandler
                0x08000e14                EXTI1_IRQHandler
                0x08000e14                UART7_IRQHandler
                0x08000e14                USART2_IRQHandler
                0x08000e14                I2C2_ER_IRQHandler
                0x08000e14                DMA2_Stream1_IRQHandler
                0x08000e14                CAN1_SCE_IRQHandler
                0x08000e14                FLASH_IRQHandler
                0x08000e14                DMA2_Stream4_IRQHandler
                0x08000e14                USART1_IRQHandler
                0x08000e14                OTG_FS_IRQHandler
                0x08000e14                SPI3_IRQHandler
                0x08000e14                DMA1_Stream4_IRQHandler
                0x08000e14                I2C1_ER_IRQHandler
                0x08000e14                FMC_IRQHandler
                0x08000e14                DMA2_Stream6_IRQHandler
                0x08000e14                SAI1_IRQHandler
                0x08000e14                DMA1_Stream3_IRQHandler
 *fill*         0x08000e16        0x2 
 .text.HAL_Init
                0x08000e18       0x44 ./Drivers/STM32F4xx_HAL_Driver/Src/stm32f4xx_hal.o
                0x08000e18                HAL_Init
 .text.HAL_InitTick
                0x08000e5c       0x60 ./Drivers/STM32F4xx_HAL_Driver/Src/stm32f4xx_hal.o
                0x08000e5c                HAL_InitTick
 .text.HAL_IncTick
                0x08000ebc       0x28 ./Drivers/STM32F4xx_HAL_Driver/Src/stm32f4xx_hal.o
                0x08000ebc                HAL_IncTick
 .text.HAL_GetTick
                0x08000ee4       0x18 ./Drivers/STM32F4xx_HAL_Driver/Src/stm32f4xx_hal.o
                0x08000ee4                HAL_GetTick
 .text.HAL_Delay
                0x08000efc       0x48 ./Drivers/STM32F4xx_HAL_Driver/Src/stm32f4xx_hal.o
                0x08000efc                HAL_Delay
 .text.__NVIC_SetPriorityGrouping
                0x08000f44       0x48 ./Drivers/STM32F4xx_HAL_Driver/Src/stm32f4xx_hal_cortex.o
 .text.__NVIC_GetPriorityGrouping
                0x08000f8c       0x1c ./Drivers/STM32F4xx_HAL_Driver/Src/stm32f4xx_hal_cortex.o
 .text.__NVIC_EnableIRQ
                0x08000fa8       0x3c ./Drivers/STM32F4xx_HAL_Driver/Src/stm32f4xx_hal_cortex.o
 .text.__NVIC_SetPriority
                0x08000fe4       0x54 ./Drivers/STM32F4xx_HAL_Driver/Src/stm32f4xx_hal_cortex.o
 .text.NVIC_EncodePriority
                0x08001038       0x66 ./Drivers/STM32F4xx_HAL_Driver/Src/stm32f4xx_hal_cortex.o
 *fill*         0x0800109e        0x2 
 .text.SysTick_Config
                0x080010a0       0x44 ./Drivers/STM32F4xx_HAL_Driver/Src/stm32f4xx_hal_cortex.o
 .text.HAL_NVIC_SetPriorityGrouping
                0x080010e4       0x16 ./Drivers/STM32F4xx_HAL_Driver/Src/stm32f4xx_hal_cortex.o
                0x080010e4                HAL_NVIC_SetPriorityGrouping
 .text.HAL_NVIC_SetPriority
                0x080010fa       0x38 ./Drivers/STM32F4xx_HAL_Driver/Src/stm32f4xx_hal_cortex.o
                0x080010fa                HAL_NVIC_SetPriority
 .text.HAL_NVIC_EnableIRQ
                0x08001132       0x1c ./Drivers/STM32F4xx_HAL_Driver/Src/stm32f4xx_hal_cortex.o
                0x08001132                HAL_NVIC_EnableIRQ
 .text.HAL_SYSTICK_Config
                0x0800114e       0x18 ./Drivers/STM32F4xx_HAL_Driver/Src/stm32f4xx_hal_cortex.o
                0x0800114e                HAL_SYSTICK_Config
 *fill*         0x08001166        0x2 
 .text.HAL_GPIO_Init
                0x08001168      0x358 ./Drivers/STM32F4xx_HAL_Driver/Src/stm32f4xx_hal_gpio.o
                0x08001168                HAL_GPIO_Init
 .text.HAL_GPIO_WritePin
                0x080014c0       0x32 ./Drivers/STM32F4xx_HAL_Driver/Src/stm32f4xx_hal_gpio.o
                0x080014c0                HAL_GPIO_WritePin
 .text.HAL_GPIO_TogglePin
                0x080014f2       0x34 ./Drivers/STM32F4xx_HAL_Driver/Src/stm32f4xx_hal_gpio.o
                0x080014f2                HAL_GPIO_TogglePin
 *fill*         0x08001526        0x2 
 .text.HAL_GPIO_EXTI_IRQHandler
                0x08001528       0x30 ./Drivers/STM32F4xx_HAL_Driver/Src/stm32f4xx_hal_gpio.o
                0x08001528                HAL_GPIO_EXTI_IRQHandler
 .text.HAL_PWREx_EnableOverDrive
                0x08001558       0xa0 ./Drivers/STM32F4xx_HAL_Driver/Src/stm32f4xx_hal_pwr_ex.o
                0x08001558                HAL_PWREx_EnableOverDrive
 .text.HAL_RCC_OscConfig
                0x080015f8      0x4f0 ./Drivers/STM32F4xx_HAL_Driver/Src/stm32f4xx_hal_rcc.o
                0x080015f8                HAL_RCC_OscConfig
 .text.HAL_RCC_ClockConfig
                0x08001ae8      0x1cc ./Drivers/STM32F4xx_HAL_Driver/Src/stm32f4xx_hal_rcc.o
                0x08001ae8                HAL_RCC_ClockConfig
 .text.HAL_RCC_GetSysClockFreq
                0x08001cb4      0x20c ./Drivers/STM32F4xx_HAL_Driver/Src/stm32f4xx_hal_rcc.o
                0x08001cb4                HAL_RCC_GetSysClockFreq
 .text.HAL_TIM_Base_Init
                0x08001ec0       0x9e ./Drivers/STM32F4xx_HAL_Driver/Src/stm32f4xx_hal_tim.o
                0x08001ec0                HAL_TIM_Base_Init
 *fill*         0x08001f5e        0x2 
 .text.HAL_TIM_Base_Start_IT
                0x08001f60       0xe0 ./Drivers/STM32F4xx_HAL_Driver/Src/stm32f4xx_hal_tim.o
                0x08001f60                HAL_TIM_Base_Start_IT
 .text.HAL_TIM_IRQHandler
                0x08002040      0x1e0 ./Drivers/STM32F4xx_HAL_Driver/Src/stm32f4xx_hal_tim.o
                0x08002040                HAL_TIM_IRQHandler
 .text.HAL_TIM_PeriodElapsedCallback
                0x08002220       0x14 ./Drivers/STM32F4xx_HAL_Driver/Src/stm32f4xx_hal_tim.o
                0x08002220                HAL_TIM_PeriodElapsedCallback
 .text.HAL_TIM_OC_DelayElapsedCallback
                0x08002234       0x14 ./Drivers/STM32F4xx_HAL_Driver/Src/stm32f4xx_hal_tim.o
                0x08002234                HAL_TIM_OC_DelayElapsedCallback
 .text.HAL_TIM_IC_CaptureCallback
                0x08002248       0x14 ./Drivers/STM32F4xx_HAL_Driver/Src/stm32f4xx_hal_tim.o
                0x08002248                HAL_TIM_IC_CaptureCallback
 .text.HAL_TIM_PWM_PulseFinishedCallback
                0x0800225c       0x14 ./Drivers/STM32F4xx_HAL_Driver/Src/stm32f4xx_hal_tim.o
                0x0800225c                HAL_TIM_PWM_PulseFinishedCallback
 .text.HAL_TIM_TriggerCallback
                0x08002270       0x14 ./Drivers/STM32F4xx_HAL_Driver/Src/stm32f4xx_hal_tim.o
                0x08002270                HAL_TIM_TriggerCallback
 .text.TIM_Base_SetConfig
                0x08002284      0x158 ./Drivers/STM32F4xx_HAL_Driver/Src/stm32f4xx_hal_tim.o
                0x08002284                TIM_Base_SetConfig
 .text.HAL_TIMEx_MasterConfigSynchronization
                0x080023dc       0xf8 ./Drivers/STM32F4xx_HAL_Driver/Src/stm32f4xx_hal_tim_ex.o
                0x080023dc                HAL_TIMEx_MasterConfigSynchronization
 .text.HAL_TIMEx_CommutCallback
                0x080024d4       0x14 ./Drivers/STM32F4xx_HAL_Driver/Src/stm32f4xx_hal_tim_ex.o
                0x080024d4                HAL_TIMEx_CommutCallback
 .text.HAL_TIMEx_BreakCallback
                0x080024e8       0x14 ./Drivers/STM32F4xx_HAL_Driver/Src/stm32f4xx_hal_tim_ex.o
                0x080024e8                HAL_TIMEx_BreakCallback
 .text.memset   0x080024fc       0x10 D:/STM32CubeIDE_1.17.0/STM32CubeIDE/plugins/com.st.stm32cube.ide.mcu.externaltools.gnu-tools-for-stm32.12.3.rel1.win32_1.1.0.202410251130/tools/bin/../lib/gcc/arm-none-eabi/12.3.1/../../../../arm-none-eabi/lib/thumb/v7e-m+fp/hard\libc_nano.a(libc_a-memset.o)
                0x080024fc                memset
 .text.__libc_init_array
                0x0800250c       0x48 D:/STM32CubeIDE_1.17.0/STM32CubeIDE/plugins/com.st.stm32cube.ide.mcu.externaltools.gnu-tools-for-stm32.12.3.rel1.win32_1.1.0.202410251130/tools/bin/../lib/gcc/arm-none-eabi/12.3.1/../../../../arm-none-eabi/lib/thumb/v7e-m+fp/hard\libc_nano.a(libc_a-init.o)
                0x0800250c                __libc_init_array
 *(.glue_7)
 .glue_7        0x08002554        0x0 linker stubs
 *(.glue_7t)
 .glue_7t       0x08002554        0x0 linker stubs
 *(.eh_frame)
 .eh_frame      0x08002554        0x0 D:/STM32CubeIDE_1.17.0/STM32CubeIDE/plugins/com.st.stm32cube.ide.mcu.externaltools.gnu-tools-for-stm32.12.3.rel1.win32_1.1.0.202410251130/tools/bin/../lib/gcc/arm-none-eabi/12.3.1/thumb/v7e-m+fp/hard/crtbegin.o
 *(.init)
 .init          0x08002554        0x4 D:/STM32CubeIDE_1.17.0/STM32CubeIDE/plugins/com.st.stm32cube.ide.mcu.externaltools.gnu-tools-for-stm32.12.3.rel1.win32_1.1.0.202410251130/tools/bin/../lib/gcc/arm-none-eabi/12.3.1/thumb/v7e-m+fp/hard/crti.o
                0x08002554                _init
 .init          0x08002558        0x8 D:/STM32CubeIDE_1.17.0/STM32CubeIDE/plugins/com.st.stm32cube.ide.mcu.externaltools.gnu-tools-for-stm32.12.3.rel1.win32_1.1.0.202410251130/tools/bin/../lib/gcc/arm-none-eabi/12.3.1/thumb/v7e-m+fp/hard/crtn.o
 *(.fini)
 .fini          0x08002560        0x4 D:/STM32CubeIDE_1.17.0/STM32CubeIDE/plugins/com.st.stm32cube.ide.mcu.externaltools.gnu-tools-for-stm32.12.3.rel1.win32_1.1.0.202410251130/tools/bin/../lib/gcc/arm-none-eabi/12.3.1/thumb/v7e-m+fp/hard/crti.o
                0x08002560                _fini
 .fini          0x08002564        0x8 D:/STM32CubeIDE_1.17.0/STM32CubeIDE/plugins/com.st.stm32cube.ide.mcu.externaltools.gnu-tools-for-stm32.12.3.rel1.win32_1.1.0.202410251130/tools/bin/../lib/gcc/arm-none-eabi/12.3.1/thumb/v7e-m+fp/hard/crtn.o
                0x0800256c                        . = ALIGN (0x4)
                0x0800256c                        _etext = .

.vfp11_veneer   0x0800256c        0x0
 .vfp11_veneer  0x0800256c        0x0 linker stubs

.v4_bx          0x0800256c        0x0
 .v4_bx         0x0800256c        0x0 linker stubs

.iplt           0x0800256c        0x0
 .iplt          0x0800256c        0x0 D:/STM32CubeIDE_1.17.0/STM32CubeIDE/plugins/com.st.stm32cube.ide.mcu.externaltools.gnu-tools-for-stm32.12.3.rel1.win32_1.1.0.202410251130/tools/bin/../lib/gcc/arm-none-eabi/12.3.1/thumb/v7e-m+fp/hard/crtbegin.o

.rodata         0x0800256c       0x18
                0x0800256c                        . = ALIGN (0x4)
 *(.rodata)
 .rodata        0x0800256c        0x8 ./Core/Src/main.o
 *(.rodata*)
 .rodata.AHBPrescTable
                0x08002574       0x10 ./Core/Src/system_stm32f4xx.o
                0x08002574                AHBPrescTable
                0x08002584                        . = ALIGN (0x4)

.ARM.extab      0x08002584        0x0
                0x08002584                        . = ALIGN (0x4)
 *(.ARM.extab* .gnu.linkonce.armextab.*)
                0x08002584                        . = ALIGN (0x4)

.ARM            0x08002584        0x8
                0x08002584                        . = ALIGN (0x4)
                0x08002584                        __exidx_start = .
 *(.ARM.exidx*)
 .ARM.exidx     0x08002584        0x8 D:/STM32CubeIDE_1.17.0/STM32CubeIDE/plugins/com.st.stm32cube.ide.mcu.externaltools.gnu-tools-for-stm32.12.3.rel1.win32_1.1.0.202410251130/tools/bin/../lib/gcc/arm-none-eabi/12.3.1/thumb/v7e-m+fp/hard\libgcc.a(_udivmoddi4.o)
                0x0800258c                        __exidx_end = .
                0x0800258c                        . = ALIGN (0x4)

.preinit_array  0x0800258c        0x0
                0x0800258c                        . = ALIGN (0x4)
                0x0800258c                        PROVIDE (__preinit_array_start = .)
 *(.preinit_array*)
                0x0800258c                        PROVIDE (__preinit_array_end = .)
                0x0800258c                        . = ALIGN (0x4)

.init_array     0x0800258c        0x4
                0x0800258c                        . = ALIGN (0x4)
                0x0800258c                        PROVIDE (__init_array_start = .)
 *(SORT_BY_NAME(.init_array.*))
 *(.init_array*)
 .init_array    0x0800258c        0x4 D:/STM32CubeIDE_1.17.0/STM32CubeIDE/plugins/com.st.stm32cube.ide.mcu.externaltools.gnu-tools-for-stm32.12.3.rel1.win32_1.1.0.202410251130/tools/bin/../lib/gcc/arm-none-eabi/12.3.1/thumb/v7e-m+fp/hard/crtbegin.o
                0x08002590                        PROVIDE (__init_array_end = .)
                0x08002590                        . = ALIGN (0x4)

.fini_array     0x08002590        0x4
                0x08002590                        . = ALIGN (0x4)
                [!provide]                        PROVIDE (__fini_array_start = .)
 *(SORT_BY_NAME(.fini_array.*))
 *(.fini_array*)
 .fini_array    0x08002590        0x4 D:/STM32CubeIDE_1.17.0/STM32CubeIDE/plugins/com.st.stm32cube.ide.mcu.externaltools.gnu-tools-for-stm32.12.3.rel1.win32_1.1.0.202410251130/tools/bin/../lib/gcc/arm-none-eabi/12.3.1/thumb/v7e-m+fp/hard/crtbegin.o
                [!provide]                        PROVIDE (__fini_array_end = .)
                0x08002594                        . = ALIGN (0x4)
                0x08002594                        _sidata = LOADADDR (.data)

.rel.dyn        0x08002594        0x0
 .rel.iplt      0x08002594        0x0 D:/STM32CubeIDE_1.17.0/STM32CubeIDE/plugins/com.st.stm32cube.ide.mcu.externaltools.gnu-tools-for-stm32.12.3.rel1.win32_1.1.0.202410251130/tools/bin/../lib/gcc/arm-none-eabi/12.3.1/thumb/v7e-m+fp/hard/crtbegin.o

.data           0x20000000       0x1c load address 0x08002594
                0x20000000                        . = ALIGN (0x4)
                0x20000000                        _sdata = .
 *(.data)
 *(.data*)
 .data.Mask     0x20000000        0xa ./Core/Src/7seg.o
                0x20000000                Mask
 *fill*         0x2000000a        0x2 
 .data.flag     0x2000000c        0x4 ./Core/Src/main.o
                0x2000000c                flag
 .data.SystemCoreClock
                0x20000010        0x4 ./Core/Src/system_stm32f4xx.o
                0x20000010                SystemCoreClock
 .data.uwTickPrio
                0x20000014        0x4 ./Drivers/STM32F4xx_HAL_Driver/Src/stm32f4xx_hal.o
                0x20000014                uwTickPrio
 .data.uwTickFreq
                0x20000018        0x1 ./Drivers/STM32F4xx_HAL_Driver/Src/stm32f4xx_hal.o
                0x20000018                uwTickFreq
 *(.RamFunc)
 *(.RamFunc*)
                0x2000001c                        . = ALIGN (0x4)
 *fill*         0x20000019        0x3 
                0x2000001c                        _edata = .
                0x080025b0                        _siccmram = LOADADDR (.ccmram)

.igot.plt       0x2000001c        0x0 load address 0x080025b0
 .igot.plt      0x2000001c        0x0 D:/STM32CubeIDE_1.17.0/STM32CubeIDE/plugins/com.st.stm32cube.ide.mcu.externaltools.gnu-tools-for-stm32.12.3.rel1.win32_1.1.0.202410251130/tools/bin/../lib/gcc/arm-none-eabi/12.3.1/thumb/v7e-m+fp/hard/crtbegin.o

.ccmram         0x10000000        0x0 load address 0x080025b0
                0x10000000                        . = ALIGN (0x4)
                0x10000000                        _sccmram = .
 *(.ccmram)
 *(.ccmram*)
                0x10000000                        . = ALIGN (0x4)
                0x10000000                        _eccmram = .
                0x10000000                        . = ALIGN (0x4)

.bss            0x2000001c       0x80
                0x2000001c                        _sbss = .
                0x2000001c                        __bss_start__ = _sbss
 *(.bss)
 .bss           0x2000001c       0x1c D:/STM32CubeIDE_1.17.0/STM32CubeIDE/plugins/com.st.stm32cube.ide.mcu.externaltools.gnu-tools-for-stm32.12.3.rel1.win32_1.1.0.202410251130/tools/bin/../lib/gcc/arm-none-eabi/12.3.1/thumb/v7e-m+fp/hard/crtbegin.o
 *(.bss*)
 .bss.DisplayValue
                0x20000038        0x4 ./Core/Src/7seg.o
                0x20000038                DisplayValue
 .bss.pos       0x2000003c        0x4 ./Core/Src/7seg.o
                0x2000003c                pos
 .bss.htim6     0x20000040       0x48 ./Core/Src/main.o
                0x20000040                htim6
 .bss.TIM6_Count
                0x20000088        0x4 ./Core/Src/main.o
                0x20000088                TIM6_Count
 .bss.LED_Value
                0x2000008c        0x1 ./Core/Src/main.o
                0x2000008c                LED_Value
 *fill*         0x2000008d        0x3 
 .bss.i         0x20000090        0x4 ./Core/Src/main.o
                0x20000090                i
 .bss.display_value
                0x20000094        0x4 ./Core/Src/main.o
                0x20000094                display_value
 .bss.uwTick    0x20000098        0x4 ./Drivers/STM32F4xx_HAL_Driver/Src/stm32f4xx_hal.o
                0x20000098                uwTick
 *(COMMON)
                0x2000009c                        . = ALIGN (0x4)
                0x2000009c                        _ebss = .
                0x2000009c                        __bss_end__ = _ebss

._user_heap_stack
                0x2000009c      0x604
                0x200000a0                        . = ALIGN (0x8)
 *fill*         0x2000009c        0x4 
                [!provide]                        PROVIDE (end = .)
                0x200000a0                        PROVIDE (_end = .)
                0x200002a0                        . = (. + _Min_Heap_Size)
 *fill*         0x200000a0      0x200 
                0x200006a0                        . = (. + _Min_Stack_Size)
 *fill*         0x200002a0      0x400 
                0x200006a0                        . = ALIGN (0x8)

/DISCARD/
 libc.a(*)
 libm.a(*)
 libgcc.a(*)

.ARM.attributes
                0x00000000       0x30
 *(.ARM.attributes)
 .ARM.attributes
                0x00000000       0x22 D:/STM32CubeIDE_1.17.0/STM32CubeIDE/plugins/com.st.stm32cube.ide.mcu.externaltools.gnu-tools-for-stm32.12.3.rel1.win32_1.1.0.202410251130/tools/bin/../lib/gcc/arm-none-eabi/12.3.1/thumb/v7e-m+fp/hard/crti.o
 .ARM.attributes
                0x00000022       0x34 D:/STM32CubeIDE_1.17.0/STM32CubeIDE/plugins/com.st.stm32cube.ide.mcu.externaltools.gnu-tools-for-stm32.12.3.rel1.win32_1.1.0.202410251130/tools/bin/../lib/gcc/arm-none-eabi/12.3.1/thumb/v7e-m+fp/hard/crtbegin.o
 .ARM.attributes
                0x00000056       0x34 ./Core/Src/7seg.o
 .ARM.attributes
                0x0000008a       0x34 ./Core/Src/main.o
 .ARM.attributes
                0x000000be       0x34 ./Core/Src/stm32f4xx_hal_msp.o
 .ARM.attributes
                0x000000f2       0x34 ./Core/Src/stm32f4xx_it.o
 .ARM.attributes
                0x00000126       0x34 ./Core/Src/system_stm32f4xx.o
 .ARM.attributes
                0x0000015a       0x21 ./Core/Startup/startup_stm32f429zitx.o
 .ARM.attributes
                0x0000017b       0x34 ./Drivers/STM32F4xx_HAL_Driver/Src/stm32f4xx_hal.o
 .ARM.attributes
                0x000001af       0x34 ./Drivers/STM32F4xx_HAL_Driver/Src/stm32f4xx_hal_cortex.o
 .ARM.attributes
                0x000001e3       0x34 ./Drivers/STM32F4xx_HAL_Driver/Src/stm32f4xx_hal_gpio.o
 .ARM.attributes
                0x00000217       0x34 ./Drivers/STM32F4xx_HAL_Driver/Src/stm32f4xx_hal_pwr_ex.o
 .ARM.attributes
                0x0000024b       0x34 ./Drivers/STM32F4xx_HAL_Driver/Src/stm32f4xx_hal_rcc.o
 .ARM.attributes
                0x0000027f       0x34 ./Drivers/STM32F4xx_HAL_Driver/Src/stm32f4xx_hal_tim.o
 .ARM.attributes
                0x000002b3       0x34 ./Drivers/STM32F4xx_HAL_Driver/Src/stm32f4xx_hal_tim_ex.o
 .ARM.attributes
                0x000002e7       0x34 D:/STM32CubeIDE_1.17.0/STM32CubeIDE/plugins/com.st.stm32cube.ide.mcu.externaltools.gnu-tools-for-stm32.12.3.rel1.win32_1.1.0.202410251130/tools/bin/../lib/gcc/arm-none-eabi/12.3.1/../../../../arm-none-eabi/lib/thumb/v7e-m+fp/hard\libc_nano.a(libc_a-memset.o)
 .ARM.attributes
                0x0000031b       0x34 D:/STM32CubeIDE_1.17.0/STM32CubeIDE/plugins/com.st.stm32cube.ide.mcu.externaltools.gnu-tools-for-stm32.12.3.rel1.win32_1.1.0.202410251130/tools/bin/../lib/gcc/arm-none-eabi/12.3.1/../../../../arm-none-eabi/lib/thumb/v7e-m+fp/hard\libc_nano.a(libc_a-init.o)
 .ARM.attributes
                0x0000034f       0x22 D:/STM32CubeIDE_1.17.0/STM32CubeIDE/plugins/com.st.stm32cube.ide.mcu.externaltools.gnu-tools-for-stm32.12.3.rel1.win32_1.1.0.202410251130/tools/bin/../lib/gcc/arm-none-eabi/12.3.1/thumb/v7e-m+fp/hard\libgcc.a(_aeabi_uldivmod.o)
 .ARM.attributes
                0x00000371       0x34 D:/STM32CubeIDE_1.17.0/STM32CubeIDE/plugins/com.st.stm32cube.ide.mcu.externaltools.gnu-tools-for-stm32.12.3.rel1.win32_1.1.0.202410251130/tools/bin/../lib/gcc/arm-none-eabi/12.3.1/thumb/v7e-m+fp/hard\libgcc.a(_udivmoddi4.o)
 .ARM.attributes
                0x000003a5       0x22 D:/STM32CubeIDE_1.17.0/STM32CubeIDE/plugins/com.st.stm32cube.ide.mcu.externaltools.gnu-tools-for-stm32.12.3.rel1.win32_1.1.0.202410251130/tools/bin/../lib/gcc/arm-none-eabi/12.3.1/thumb/v7e-m+fp/hard\libgcc.a(_dvmd_tls.o)
 .ARM.attributes
                0x000003c7       0x22 D:/STM32CubeIDE_1.17.0/STM32CubeIDE/plugins/com.st.stm32cube.ide.mcu.externaltools.gnu-tools-for-stm32.12.3.rel1.win32_1.1.0.202410251130/tools/bin/../lib/gcc/arm-none-eabi/12.3.1/thumb/v7e-m+fp/hard/crtn.o
OUTPUT(Lab1_20242.elf elf32-littlearm)
LOAD linker stubs
LOAD D:/STM32CubeIDE_1.17.0/STM32CubeIDE/plugins/com.st.stm32cube.ide.mcu.externaltools.gnu-tools-for-stm32.12.3.rel1.win32_1.1.0.202410251130/tools/bin/../lib/gcc/arm-none-eabi/12.3.1/../../../../arm-none-eabi/lib/thumb/v7e-m+fp/hard\libc.a
LOAD D:/STM32CubeIDE_1.17.0/STM32CubeIDE/plugins/com.st.stm32cube.ide.mcu.externaltools.gnu-tools-for-stm32.12.3.rel1.win32_1.1.0.202410251130/tools/bin/../lib/gcc/arm-none-eabi/12.3.1/../../../../arm-none-eabi/lib/thumb/v7e-m+fp/hard\libm.a
LOAD D:/STM32CubeIDE_1.17.0/STM32CubeIDE/plugins/com.st.stm32cube.ide.mcu.externaltools.gnu-tools-for-stm32.12.3.rel1.win32_1.1.0.202410251130/tools/bin/../lib/gcc/arm-none-eabi/12.3.1/thumb/v7e-m+fp/hard\libgcc.a

.debug_info     0x00000000     0x97f4
 .debug_info    0x00000000      0x21b ./Core/Src/7seg.o
 .debug_info    0x0000021b     0x1105 ./Core/Src/main.o
 .debug_info    0x00001320      0xb42 ./Core/Src/stm32f4xx_hal_msp.o
 .debug_info    0x00001e62      0x7e0 ./Core/Src/stm32f4xx_it.o
 .debug_info    0x00002642      0x52e ./Core/Src/system_stm32f4xx.o
 .debug_info    0x00002b70       0x30 ./Core/Startup/startup_stm32f429zitx.o
 .debug_info    0x00002ba0      0x9ba ./Drivers/STM32F4xx_HAL_Driver/Src/stm32f4xx_hal.o
 .debug_info    0x0000355a      0xdc2 ./Drivers/STM32F4xx_HAL_Driver/Src/stm32f4xx_hal_cortex.o
 .debug_info    0x0000431c      0x6db ./Drivers/STM32F4xx_HAL_Driver/Src/stm32f4xx_hal_gpio.o
 .debug_info    0x000049f7      0x6be ./Drivers/STM32F4xx_HAL_Driver/Src/stm32f4xx_hal_pwr_ex.o
 .debug_info    0x000050b5      0x8c7 ./Drivers/STM32F4xx_HAL_Driver/Src/stm32f4xx_hal_rcc.o
 .debug_info    0x0000597c     0x299d ./Drivers/STM32F4xx_HAL_Driver/Src/stm32f4xx_hal_tim.o
 .debug_info    0x00008319     0x14db ./Drivers/STM32F4xx_HAL_Driver/Src/stm32f4xx_hal_tim_ex.o

.debug_abbrev   0x00000000     0x193b
 .debug_abbrev  0x00000000      0x154 ./Core/Src/7seg.o
 .debug_abbrev  0x00000154      0x2cb ./Core/Src/main.o
 .debug_abbrev  0x0000041f      0x1ae ./Core/Src/stm32f4xx_hal_msp.o
 .debug_abbrev  0x000005cd      0x1aa ./Core/Src/stm32f4xx_it.o
 .debug_abbrev  0x00000777      0x11a ./Core/Src/system_stm32f4xx.o
 .debug_abbrev  0x00000891       0x24 ./Core/Startup/startup_stm32f429zitx.o
 .debug_abbrev  0x000008b5      0x214 ./Drivers/STM32F4xx_HAL_Driver/Src/stm32f4xx_hal.o
 .debug_abbrev  0x00000ac9      0x31d ./Drivers/STM32F4xx_HAL_Driver/Src/stm32f4xx_hal_cortex.o
 .debug_abbrev  0x00000de6      0x1d4 ./Drivers/STM32F4xx_HAL_Driver/Src/stm32f4xx_hal_gpio.o
 .debug_abbrev  0x00000fba      0x1cf ./Drivers/STM32F4xx_HAL_Driver/Src/stm32f4xx_hal_pwr_ex.o
 .debug_abbrev  0x00001189      0x2b7 ./Drivers/STM32F4xx_HAL_Driver/Src/stm32f4xx_hal_rcc.o
 .debug_abbrev  0x00001440      0x278 ./Drivers/STM32F4xx_HAL_Driver/Src/stm32f4xx_hal_tim.o
 .debug_abbrev  0x000016b8      0x283 ./Drivers/STM32F4xx_HAL_Driver/Src/stm32f4xx_hal_tim_ex.o

.debug_aranges  0x00000000      0xa10
 .debug_aranges
                0x00000000       0x28 ./Core/Src/7seg.o
 .debug_aranges
                0x00000028       0x50 ./Core/Src/main.o
 .debug_aranges
                0x00000078       0x30 ./Core/Src/stm32f4xx_hal_msp.o
 .debug_aranges
                0x000000a8       0x70 ./Core/Src/stm32f4xx_it.o
 .debug_aranges
                0x00000118       0x28 ./Core/Src/system_stm32f4xx.o
 .debug_aranges
                0x00000140       0x28 ./Core/Startup/startup_stm32f429zitx.o
 .debug_aranges
                0x00000168      0x100 ./Drivers/STM32F4xx_HAL_Driver/Src/stm32f4xx_hal.o
 .debug_aranges
                0x00000268      0x130 ./Drivers/STM32F4xx_HAL_Driver/Src/stm32f4xx_hal_cortex.o
 .debug_aranges
                0x00000398       0x58 ./Drivers/STM32F4xx_HAL_Driver/Src/stm32f4xx_hal_gpio.o
 .debug_aranges
                0x000003f0       0x60 ./Drivers/STM32F4xx_HAL_Driver/Src/stm32f4xx_hal_pwr_ex.o
 .debug_aranges
                0x00000450       0x88 ./Drivers/STM32F4xx_HAL_Driver/Src/stm32f4xx_hal_rcc.o
 .debug_aranges
                0x000004d8      0x3d0 ./Drivers/STM32F4xx_HAL_Driver/Src/stm32f4xx_hal_tim.o
 .debug_aranges
                0x000008a8      0x168 ./Drivers/STM32F4xx_HAL_Driver/Src/stm32f4xx_hal_tim_ex.o

.debug_rnglists
                0x00000000      0x7bb
 .debug_rnglists
                0x00000000       0x1a ./Core/Src/7seg.o
 .debug_rnglists
                0x0000001a       0x3a ./Core/Src/main.o
 .debug_rnglists
                0x00000054       0x1f ./Core/Src/stm32f4xx_hal_msp.o
 .debug_rnglists
                0x00000073       0x4f ./Core/Src/stm32f4xx_it.o
 .debug_rnglists
                0x000000c2       0x1a ./Core/Src/system_stm32f4xx.o
 .debug_rnglists
                0x000000dc       0x19 ./Core/Startup/startup_stm32f429zitx.o
 .debug_rnglists
                0x000000f5       0xbb ./Drivers/STM32F4xx_HAL_Driver/Src/stm32f4xx_hal.o
 .debug_rnglists
                0x000001b0       0xe0 ./Drivers/STM32F4xx_HAL_Driver/Src/stm32f4xx_hal_cortex.o
 .debug_rnglists
                0x00000290       0x3f ./Drivers/STM32F4xx_HAL_Driver/Src/stm32f4xx_hal_gpio.o
 .debug_rnglists
                0x000002cf       0x47 ./Drivers/STM32F4xx_HAL_Driver/Src/stm32f4xx_hal_pwr_ex.o
 .debug_rnglists
                0x00000316       0x66 ./Drivers/STM32F4xx_HAL_Driver/Src/stm32f4xx_hal_rcc.o
 .debug_rnglists
                0x0000037c      0x31a ./Drivers/STM32F4xx_HAL_Driver/Src/stm32f4xx_hal_tim.o
 .debug_rnglists
                0x00000696      0x125 ./Drivers/STM32F4xx_HAL_Driver/Src/stm32f4xx_hal_tim_ex.o

.debug_macro    0x00000000    0x2311d
 .debug_macro   0x00000000      0x1d7 ./Core/Src/7seg.o
 .debug_macro   0x000001d7      0xab4 ./Core/Src/7seg.o
 .debug_macro   0x00000c8b      0x295 ./Core/Src/7seg.o
 .debug_macro   0x00000f20       0x2e ./Core/Src/7seg.o
 .debug_macro   0x00000f4e       0x28 ./Core/Src/7seg.o
 .debug_macro   0x00000f76       0x22 ./Core/Src/7seg.o
 .debug_macro   0x00000f98       0x8e ./Core/Src/7seg.o
 .debug_macro   0x00001026       0x51 ./Core/Src/7seg.o
 .debug_macro   0x00001077      0x103 ./Core/Src/7seg.o
 .debug_macro   0x0000117a       0x6a ./Core/Src/7seg.o
 .debug_macro   0x000011e4      0x1df ./Core/Src/7seg.o
 .debug_macro   0x000013c3       0x1c ./Core/Src/7seg.o
 .debug_macro   0x000013df       0x22 ./Core/Src/7seg.o
 .debug_macro   0x00001401       0xfb ./Core/Src/7seg.o
 .debug_macro   0x000014fc     0x1011 ./Core/Src/7seg.o
 .debug_macro   0x0000250d      0x11f ./Core/Src/7seg.o
 .debug_macro   0x0000262c    0x17fd8 ./Core/Src/7seg.o
 .debug_macro   0x0001a604       0x6d ./Core/Src/7seg.o
 .debug_macro   0x0001a671     0x3711 ./Core/Src/7seg.o
 .debug_macro   0x0001dd82      0x189 ./Core/Src/7seg.o
 .debug_macro   0x0001df0b       0x5c ./Core/Src/7seg.o
 .debug_macro   0x0001df67      0xcba ./Core/Src/7seg.o
 .debug_macro   0x0001ec21      0x9e9 ./Core/Src/7seg.o
 .debug_macro   0x0001f60a      0x115 ./Core/Src/7seg.o
 .debug_macro   0x0001f71f      0x156 ./Core/Src/7seg.o
 .debug_macro   0x0001f875       0xa5 ./Core/Src/7seg.o
 .debug_macro   0x0001f91a      0x182 ./Core/Src/7seg.o
 .debug_macro   0x0001fa9c      0x287 ./Core/Src/7seg.o
 .debug_macro   0x0001fd23       0x5f ./Core/Src/7seg.o
 .debug_macro   0x0001fd82      0x236 ./Core/Src/7seg.o
 .debug_macro   0x0001ffb8      0x132 ./Core/Src/7seg.o
 .debug_macro   0x000200ea      0x41d ./Core/Src/7seg.o
 .debug_macro   0x00020507       0x2e ./Core/Src/7seg.o
 .debug_macro   0x00020535      0x127 ./Core/Src/7seg.o
 .debug_macro   0x0002065c       0xe2 ./Core/Src/7seg.o
 .debug_macro   0x0002073e       0x89 ./Core/Src/7seg.o
 .debug_macro   0x000207c7      0x8ed ./Core/Src/7seg.o
 .debug_macro   0x000210b4       0x4d ./Core/Src/7seg.o
 .debug_macro   0x00021101      0x134 ./Core/Src/7seg.o
 .debug_macro   0x00021235       0x82 ./Core/Src/7seg.o
 .debug_macro   0x000212b7      0x2af ./Core/Src/main.o
 .debug_macro   0x00021566       0x61 ./Core/Src/main.o
 .debug_macro   0x000215c7       0x2a ./Core/Src/main.o
 .debug_macro   0x000215f1       0x43 ./Core/Src/main.o
 .debug_macro   0x00021634       0x34 ./Core/Src/main.o
 .debug_macro   0x00021668       0x16 ./Core/Src/main.o
 .debug_macro   0x0002167e       0x35 ./Core/Src/main.o
 .debug_macro   0x000216b3      0x369 ./Core/Src/main.o
 .debug_macro   0x00021a1c       0x10 ./Core/Src/main.o
 .debug_macro   0x00021a2c       0x16 ./Core/Src/main.o
 .debug_macro   0x00021a42       0x43 ./Core/Src/main.o
 .debug_macro   0x00021a85       0x34 ./Core/Src/main.o
 .debug_macro   0x00021ab9       0x10 ./Core/Src/main.o
 .debug_macro   0x00021ac9       0x58 ./Core/Src/main.o
 .debug_macro   0x00021b21       0x8e ./Core/Src/main.o
 .debug_macro   0x00021baf       0x1c ./Core/Src/main.o
 .debug_macro   0x00021bcb      0x177 ./Core/Src/main.o
 .debug_macro   0x00021d42       0x16 ./Core/Src/main.o
 .debug_macro   0x00021d58       0x16 ./Core/Src/main.o
 .debug_macro   0x00021d6e      0x146 ./Core/Src/main.o
 .debug_macro   0x00021eb4      0x1ce ./Core/Src/stm32f4xx_hal_msp.o
 .debug_macro   0x00022082      0x1d8 ./Core/Src/stm32f4xx_it.o
 .debug_macro   0x0002225a      0x1c4 ./Core/Src/system_stm32f4xx.o
 .debug_macro   0x0002241e      0x224 ./Drivers/STM32F4xx_HAL_Driver/Src/stm32f4xx_hal.o
 .debug_macro   0x00022642      0x1c4 ./Drivers/STM32F4xx_HAL_Driver/Src/stm32f4xx_hal_cortex.o
 .debug_macro   0x00022806      0x1ca ./Drivers/STM32F4xx_HAL_Driver/Src/stm32f4xx_hal_gpio.o
 .debug_macro   0x000229d0      0x1dc ./Drivers/STM32F4xx_HAL_Driver/Src/stm32f4xx_hal_pwr_ex.o
 .debug_macro   0x00022bac      0x1e8 ./Drivers/STM32F4xx_HAL_Driver/Src/stm32f4xx_hal_rcc.o
 .debug_macro   0x00022d94      0x1c5 ./Drivers/STM32F4xx_HAL_Driver/Src/stm32f4xx_hal_tim.o
 .debug_macro   0x00022f59      0x1c4 ./Drivers/STM32F4xx_HAL_Driver/Src/stm32f4xx_hal_tim_ex.o

.debug_line     0x00000000     0xb578
 .debug_line    0x00000000      0x7af ./Core/Src/7seg.o
 .debug_line    0x000007af      0xa84 ./Core/Src/main.o
 .debug_line    0x00001233      0x75d ./Core/Src/stm32f4xx_hal_msp.o
 .debug_line    0x00001990      0x82d ./Core/Src/stm32f4xx_it.o
 .debug_line    0x000021bd      0x7a7 ./Core/Src/system_stm32f4xx.o
 .debug_line    0x00002964       0x7a ./Core/Startup/startup_stm32f429zitx.o
 .debug_line    0x000029de      0xa46 ./Drivers/STM32F4xx_HAL_Driver/Src/stm32f4xx_hal.o
 .debug_line    0x00003424      0xd02 ./Drivers/STM32F4xx_HAL_Driver/Src/stm32f4xx_hal_cortex.o
 .debug_line    0x00004126      0xbc4 ./Drivers/STM32F4xx_HAL_Driver/Src/stm32f4xx_hal_gpio.o
 .debug_line    0x00004cea      0x939 ./Drivers/STM32F4xx_HAL_Driver/Src/stm32f4xx_hal_pwr_ex.o
 .debug_line    0x00005623      0xd9b ./Drivers/STM32F4xx_HAL_Driver/Src/stm32f4xx_hal_rcc.o
 .debug_line    0x000063be     0x37b4 ./Drivers/STM32F4xx_HAL_Driver/Src/stm32f4xx_hal_tim.o
 .debug_line    0x00009b72     0x1a06 ./Drivers/STM32F4xx_HAL_Driver/Src/stm32f4xx_hal_tim_ex.o

.debug_str      0x00000000    0xd775d
 .debug_str     0x00000000    0xd0e78 ./Core/Src/7seg.o
                              0xd10ff (size before relaxing)
 .debug_str     0x000d0e78     0x451b ./Core/Src/main.o
                              0xd56ea (size before relaxing)
 .debug_str     0x000d5393       0x76 ./Core/Src/stm32f4xx_hal_msp.o
                              0xd1aa7 (size before relaxing)
 .debug_str     0x000d5409      0x12d ./Core/Src/stm32f4xx_it.o
                              0xd151b (size before relaxing)
 .debug_str     0x000d5536       0xdb ./Core/Src/system_stm32f4xx.o
                              0xd1068 (size before relaxing)
 .debug_str     0x000d5611       0x44 ./Core/Startup/startup_stm32f429zitx.o
                                 0x7b (size before relaxing)
 .debug_str     0x000d5655      0x648 ./Drivers/STM32F4xx_HAL_Driver/Src/stm32f4xx_hal.o
                              0xd1c8b (size before relaxing)
 .debug_str     0x000d5c9d      0x370 ./Drivers/STM32F4xx_HAL_Driver/Src/stm32f4xx_hal_cortex.o
                              0xd19b9 (size before relaxing)
 .debug_str     0x000d600d       0xe5 ./Drivers/STM32F4xx_HAL_Driver/Src/stm32f4xx_hal_gpio.o
                              0xd11e3 (size before relaxing)
 .debug_str     0x000d60f2      0x135 ./Drivers/STM32F4xx_HAL_Driver/Src/stm32f4xx_hal_pwr_ex.o
                              0xd1240 (size before relaxing)
 .debug_str     0x000d6227      0x233 ./Drivers/STM32F4xx_HAL_Driver/Src/stm32f4xx_hal_rcc.o
                              0xd149c (size before relaxing)
 .debug_str     0x000d645a      0xe70 ./Drivers/STM32F4xx_HAL_Driver/Src/stm32f4xx_hal_tim.o
                              0xd23df (size before relaxing)
 .debug_str     0x000d72ca      0x493 ./Drivers/STM32F4xx_HAL_Driver/Src/stm32f4xx_hal_tim_ex.o
                              0xd1beb (size before relaxing)

.comment        0x00000000       0x43
 .comment       0x00000000       0x43 ./Core/Src/7seg.o
                                 0x44 (size before relaxing)
 .comment       0x00000043       0x44 ./Core/Src/main.o
 .comment       0x00000043       0x44 ./Core/Src/stm32f4xx_hal_msp.o
 .comment       0x00000043       0x44 ./Core/Src/stm32f4xx_it.o
 .comment       0x00000043       0x44 ./Core/Src/system_stm32f4xx.o
 .comment       0x00000043       0x44 ./Drivers/STM32F4xx_HAL_Driver/Src/stm32f4xx_hal.o
 .comment       0x00000043       0x44 ./Drivers/STM32F4xx_HAL_Driver/Src/stm32f4xx_hal_cortex.o
 .comment       0x00000043       0x44 ./Drivers/STM32F4xx_HAL_Driver/Src/stm32f4xx_hal_gpio.o
 .comment       0x00000043       0x44 ./Drivers/STM32F4xx_HAL_Driver/Src/stm32f4xx_hal_pwr_ex.o
 .comment       0x00000043       0x44 ./Drivers/STM32F4xx_HAL_Driver/Src/stm32f4xx_hal_rcc.o
 .comment       0x00000043       0x44 ./Drivers/STM32F4xx_HAL_Driver/Src/stm32f4xx_hal_tim.o
 .comment       0x00000043       0x44 ./Drivers/STM32F4xx_HAL_Driver/Src/stm32f4xx_hal_tim_ex.o

.debug_frame    0x00000000     0x2954
 .debug_frame   0x00000000       0x5c ./Core/Src/7seg.o
 .debug_frame   0x0000005c       0xf8 ./Core/Src/main.o
 .debug_frame   0x00000154       0x80 ./Core/Src/stm32f4xx_hal_msp.o
 .debug_frame   0x000001d4      0x13c ./Core/Src/stm32f4xx_it.o
 .debug_frame   0x00000310       0x58 ./Core/Src/system_stm32f4xx.o
 .debug_frame   0x00000368      0x3b4 ./Drivers/STM32F4xx_HAL_Driver/Src/stm32f4xx_hal.o
 .debug_frame   0x0000071c      0x508 ./Drivers/STM32F4xx_HAL_Driver/Src/stm32f4xx_hal_cortex.o
 .debug_frame   0x00000c24      0x14c ./Drivers/STM32F4xx_HAL_Driver/Src/stm32f4xx_hal_gpio.o
 .debug_frame   0x00000d70      0x14c ./Drivers/STM32F4xx_HAL_Driver/Src/stm32f4xx_hal_pwr_ex.o
 .debug_frame   0x00000ebc      0x1f4 ./Drivers/STM32F4xx_HAL_Driver/Src/stm32f4xx_hal_rcc.o
 .debug_frame   0x000010b0     0x11c0 ./Drivers/STM32F4xx_HAL_Driver/Src/stm32f4xx_hal_tim.o
 .debug_frame   0x00002270      0x638 ./Drivers/STM32F4xx_HAL_Driver/Src/stm32f4xx_hal_tim_ex.o
 .debug_frame   0x000028a8       0x20 D:/STM32CubeIDE_1.17.0/STM32CubeIDE/plugins/com.st.stm32cube.ide.mcu.externaltools.gnu-tools-for-stm32.12.3.rel1.win32_1.1.0.202410251130/tools/bin/../lib/gcc/arm-none-eabi/12.3.1/../../../../arm-none-eabi/lib/thumb/v7e-m+fp/hard\libc_nano.a(libc_a-memset.o)
 .debug_frame   0x000028c8       0x2c D:/STM32CubeIDE_1.17.0/STM32CubeIDE/plugins/com.st.stm32cube.ide.mcu.externaltools.gnu-tools-for-stm32.12.3.rel1.win32_1.1.0.202410251130/tools/bin/../lib/gcc/arm-none-eabi/12.3.1/../../../../arm-none-eabi/lib/thumb/v7e-m+fp/hard\libc_nano.a(libc_a-init.o)
 .debug_frame   0x000028f4       0x2c D:/STM32CubeIDE_1.17.0/STM32CubeIDE/plugins/com.st.stm32cube.ide.mcu.externaltools.gnu-tools-for-stm32.12.3.rel1.win32_1.1.0.202410251130/tools/bin/../lib/gcc/arm-none-eabi/12.3.1/thumb/v7e-m+fp/hard\libgcc.a(_aeabi_uldivmod.o)
 .debug_frame   0x00002920       0x34 D:/STM32CubeIDE_1.17.0/STM32CubeIDE/plugins/com.st.stm32cube.ide.mcu.externaltools.gnu-tools-for-stm32.12.3.rel1.win32_1.1.0.202410251130/tools/bin/../lib/gcc/arm-none-eabi/12.3.1/thumb/v7e-m+fp/hard\libgcc.a(_udivmoddi4.o)

.debug_line_str
                0x00000000       0x5f
 .debug_line_str
                0x00000000       0x5f ./Core/Startup/startup_stm32f429zitx.o
